2026-07-28 14:55:33,311 NanoPlot 1.47.1 started with arguments Namespace(threads=4, verbose=False, store=False, raw=False, huge=False, outdir='results/nanoplot', no_static=False, prefix='', tsv_stats=False, only_report=False, info_in_report=False, maxlength=None, minlength=None, drop_outliers=False, downsample=None, loglength=False, percentqual=False, alength=False, minqual=None, runtime_until=None, readtype='1D', barcoded=False, no_supplementary=False, color='#4CB391', colormap='Greens', format=['png'], plots=['kde', 'dot'], legacy=None, listcolors=False, listcolormaps=False, no_N50=False, N50=False, title=None, font_scale=1, dpi=300, hide_stats=False, fastq=['data/unknown_isolate.fastq.gz'], fasta=None, fastq_rich=None, fastq_minimal=None, summary=None, bam=None, ubam=None, cram=None, pickle=None, feather=None, path='results/nanoplot/')
2026-07-28 14:55:33,311 Python version is: 3.10.20 | packaged by conda-forge | (main, Jun 11 2026, 03:31:56) [GCC 14.3.0]
2026-07-28 14:55:33,320 Nanoget: Starting to collect statistics from plain fastq file.
2026-07-28 14:55:33,321 Nanoget: Decompressing gzipped fastq data/unknown_isolate.fastq.gz
2026-07-28 14:55:56,194 Reduced DataFrame memory usage from 3.971893310546875Mb to 3.971893310546875Mb
2026-07-28 14:55:56,210 Nanoget: Gathered all metrics of 260294 reads
2026-07-28 14:55:56,311 Calculated statistics
2026-07-28 14:55:56,311 Using sequenced read lengths for plotting.
2026-07-28 14:55:56,317 Removed 147 artefactual reads with very short length and very high quality.
2026-07-28 14:55:56,413 Calculated statistics
2026-07-28 14:55:56,414 NanoPlot:  Valid color #4CB391.
2026-07-28 14:55:56,414 NanoPlot:  Valid colormap Greens.
2026-07-28 14:55:56,415 NanoPlot:  Creating length plots for Read length.
2026-07-28 14:55:56,415 NanoPlot:  Using 260147 reads maximum of 210485bp.
2026-07-28 14:55:56,500 Chromium init'ed with kwargs {}
2026-07-28 14:55:56,500 Found chromium path: /home/helin/.local/share/choreographer/deps/chrome-linux64/chrome
2026-07-28 14:55:56,500 Temp directory created: /tmp/tmplicp4gj5.
2026-07-28 14:55:56,500 Opening browser.
2026-07-28 14:55:56,501 Temp directory created: /tmp/tmpz7hh1jkw.
2026-07-28 14:55:56,501 Temporary directory at: /tmp/tmpz7hh1jkw
2026-07-28 14:55:56,934 Conforming 1 to file:///tmp/tmplicp4gj5/index.html
2026-07-28 14:55:58,213 Getting tab from queue (has 1)
2026-07-28 14:55:58,213 Got 591B
2026-07-28 14:55:58,341 Reloading tab 591B before return.
2026-07-28 14:55:58,455 Putting tab 591B back (queue size: 0).
2026-07-28 14:55:58,456 Waiting for all cleanups to finish.
2026-07-28 14:55:58,456 Exiting Kaleido.
2026-07-28 14:55:58,456 TemporaryDirectory.cleanup() worked.
2026-07-28 14:55:58,456 shutil.rmtree worked.
2026-07-28 14:55:58,456 Closing browser.
2026-07-28 14:55:58,460 TemporaryDirectory.cleanup() worked.
2026-07-28 14:55:58,460 shutil.rmtree worked.
2026-07-28 14:55:58,460 Closing browser.
2026-07-28 14:55:58,460 Cancelling tasks.
2026-07-28 14:55:58,460 Exiting Kaleido/Choreo.
2026-07-28 14:55:58,525 TemporaryDirectory.cleanup() worked.
2026-07-28 14:55:58,525 shutil.rmtree worked.
2026-07-28 14:55:58,525 Cancelling tasks.
2026-07-28 14:55:58,525 Exiting Kaleido/Choreo.
2026-07-28 14:55:58,526 Could not set DPI metadata for results/nanoplot/WeightedHistogramReadlength.png: No module named 'PIL'
2026-07-28 14:55:58,526 Saved results/nanoplot/WeightedHistogramReadlength.png as png (dpi=300)
2026-07-28 14:55:58,557 Chromium init'ed with kwargs {}
2026-07-28 14:55:58,557 Found chromium path: /home/helin/.local/share/choreographer/deps/chrome-linux64/chrome
2026-07-28 14:55:58,557 Temp directory created: /tmp/tmphiz2mhgp.
2026-07-28 14:55:58,557 Opening browser.
2026-07-28 14:55:58,557 Temp directory created: /tmp/tmp8_0zelmz.
2026-07-28 14:55:58,557 Temporary directory at: /tmp/tmp8_0zelmz
2026-07-28 14:55:58,757 Conforming 1 to file:///tmp/tmphiz2mhgp/index.html
2026-07-28 14:55:59,974 Getting tab from queue (has 1)
2026-07-28 14:55:59,975 Got 628C
2026-07-28 14:56:00,092 Reloading tab 628C before return.
2026-07-28 14:56:00,203 Putting tab 628C back (queue size: 0).
2026-07-28 14:56:00,203 Waiting for all cleanups to finish.
2026-07-28 14:56:00,203 Exiting Kaleido.
2026-07-28 14:56:00,204 TemporaryDirectory.cleanup() worked.
2026-07-28 14:56:00,204 shutil.rmtree worked.
2026-07-28 14:56:00,204 Closing browser.
2026-07-28 14:56:00,205 TemporaryDirectory.cleanup() worked.
2026-07-28 14:56:00,205 shutil.rmtree worked.
2026-07-28 14:56:00,205 Closing browser.
2026-07-28 14:56:00,205 Cancelling tasks.
2026-07-28 14:56:00,205 Exiting Kaleido/Choreo.
2026-07-28 14:56:00,271 TemporaryDirectory.cleanup() worked.
2026-07-28 14:56:00,271 shutil.rmtree worked.
2026-07-28 14:56:00,271 Cancelling tasks.
2026-07-28 14:56:00,271 Exiting Kaleido/Choreo.
2026-07-28 14:56:00,272 Could not set DPI metadata for results/nanoplot/WeightedLogTransformed_HistogramReadlength.png: No module named 'PIL'
2026-07-28 14:56:00,272 Saved results/nanoplot/WeightedLogTransformed_HistogramReadlength.png as png (dpi=300)
2026-07-28 14:56:00,280 TemporaryDirectory.cleanup() worked.
2026-07-28 14:56:00,280 shutil.rmtree worked.
2026-07-28 14:56:00,280 TemporaryDirectory.cleanup() worked.
2026-07-28 14:56:00,280 shutil.rmtree worked.
2026-07-28 14:56:00,299 Chromium init'ed with kwargs {}
2026-07-28 14:56:00,299 Found chromium path: /home/helin/.local/share/choreographer/deps/chrome-linux64/chrome
2026-07-28 14:56:00,299 Temp directory created: /tmp/tmp7wxn561z.
2026-07-28 14:56:00,299 Opening browser.
2026-07-28 14:56:00,299 Temp directory created: /tmp/tmpgkzkpler.
2026-07-28 14:56:00,299 Temporary directory at: /tmp/tmpgkzkpler
2026-07-28 14:56:00,497 Conforming 1 to file:///tmp/tmp7wxn561z/index.html
2026-07-28 14:56:01,690 Getting tab from queue (has 1)
2026-07-28 14:56:01,690 Got A398
2026-07-28 14:56:01,802 Reloading tab A398 before return.
2026-07-28 14:56:01,915 Putting tab A398 back (queue size: 0).
2026-07-28 14:56:01,915 Waiting for all cleanups to finish.
2026-07-28 14:56:01,915 Exiting Kaleido.
2026-07-28 14:56:01,915 TemporaryDirectory.cleanup() worked.
2026-07-28 14:56:01,916 shutil.rmtree worked.
2026-07-28 14:56:01,916 Closing browser.
2026-07-28 14:56:01,917 TemporaryDirectory.cleanup() worked.
2026-07-28 14:56:01,917 shutil.rmtree worked.
2026-07-28 14:56:01,918 Closing browser.
2026-07-28 14:56:01,918 Cancelling tasks.
2026-07-28 14:56:01,918 Exiting Kaleido/Choreo.
2026-07-28 14:56:02,038 TemporaryDirectory.cleanup() worked.
2026-07-28 14:56:02,038 shutil.rmtree worked.
2026-07-28 14:56:02,038 Cancelling tasks.
2026-07-28 14:56:02,038 Exiting Kaleido/Choreo.
2026-07-28 14:56:02,039 Could not set DPI metadata for results/nanoplot/Non_weightedHistogramReadlength.png: No module named 'PIL'
2026-07-28 14:56:02,039 Saved results/nanoplot/Non_weightedHistogramReadlength.png as png (dpi=300)
2026-07-28 14:56:02,069 Chromium init'ed with kwargs {}
2026-07-28 14:56:02,069 Found chromium path: /home/helin/.local/share/choreographer/deps/chrome-linux64/chrome
2026-07-28 14:56:02,069 Temp directory created: /tmp/tmp6wfoa87l.
2026-07-28 14:56:02,069 Opening browser.
2026-07-28 14:56:02,070 Temp directory created: /tmp/tmph9ztenn7.
2026-07-28 14:56:02,070 Temporary directory at: /tmp/tmph9ztenn7
2026-07-28 14:56:02,272 Conforming 1 to file:///tmp/tmp6wfoa87l/index.html
2026-07-28 14:56:03,499 Getting tab from queue (has 1)
2026-07-28 14:56:03,499 Got B26F
2026-07-28 14:56:03,617 Reloading tab B26F before return.
2026-07-28 14:56:03,727 Putting tab B26F back (queue size: 0).
2026-07-28 14:56:03,727 Waiting for all cleanups to finish.
2026-07-28 14:56:03,727 Exiting Kaleido.
2026-07-28 14:56:03,727 TemporaryDirectory.cleanup() worked.
2026-07-28 14:56:03,727 shutil.rmtree worked.
2026-07-28 14:56:03,727 Closing browser.
2026-07-28 14:56:03,730 TemporaryDirectory.cleanup() worked.
2026-07-28 14:56:03,730 shutil.rmtree worked.
2026-07-28 14:56:03,730 Closing browser.
2026-07-28 14:56:03,730 Cancelling tasks.
2026-07-28 14:56:03,730 Exiting Kaleido/Choreo.
2026-07-28 14:56:03,845 TemporaryDirectory.cleanup() worked.
2026-07-28 14:56:03,845 shutil.rmtree worked.
2026-07-28 14:56:03,845 Cancelling tasks.
2026-07-28 14:56:03,846 Exiting Kaleido/Choreo.
2026-07-28 14:56:03,848 Could not set DPI metadata for results/nanoplot/Non_weightedLogTransformed_HistogramReadlength.png: No module named 'PIL'
2026-07-28 14:56:03,848 Saved results/nanoplot/Non_weightedLogTransformed_HistogramReadlength.png as png (dpi=300)
2026-07-28 14:56:03,848 NanoPlot: Creating yield by minimal length plot for Read length.
2026-07-28 14:56:03,877 TemporaryDirectory.cleanup() worked.
2026-07-28 14:56:03,877 shutil.rmtree worked.
2026-07-28 14:56:03,877 TemporaryDirectory.cleanup() worked.
2026-07-28 14:56:03,877 shutil.rmtree worked.
2026-07-28 14:56:03,938 Chromium init'ed with kwargs {}
2026-07-28 14:56:03,938 Found chromium path: /home/helin/.local/share/choreographer/deps/chrome-linux64/chrome
2026-07-28 14:56:03,938 Temp directory created: /tmp/tmp2m45gnpu.
2026-07-28 14:56:03,938 Opening browser.
2026-07-28 14:56:03,939 Temp directory created: /tmp/tmpwh39h14g.
2026-07-28 14:56:03,939 Temporary directory at: /tmp/tmpwh39h14g
2026-07-28 14:56:04,127 Conforming 1 to file:///tmp/tmp2m45gnpu/index.html
2026-07-28 14:56:05,334 Getting tab from queue (has 1)
2026-07-28 14:56:05,334 Got 68D3
2026-07-28 14:56:06,425 Reloading tab 68D3 before return.
2026-07-28 14:56:06,554 Putting tab 68D3 back (queue size: 0).
2026-07-28 14:56:06,554 Waiting for all cleanups to finish.
2026-07-28 14:56:06,555 Exiting Kaleido.
2026-07-28 14:56:06,555 TemporaryDirectory.cleanup() worked.
2026-07-28 14:56:06,555 shutil.rmtree worked.
2026-07-28 14:56:06,555 Closing browser.
2026-07-28 14:56:06,557 TemporaryDirectory.cleanup() worked.
2026-07-28 14:56:06,557 shutil.rmtree worked.
2026-07-28 14:56:06,558 Closing browser.
2026-07-28 14:56:06,558 Cancelling tasks.
2026-07-28 14:56:06,558 Exiting Kaleido/Choreo.
2026-07-28 14:56:06,622 TemporaryDirectory.cleanup() worked.
2026-07-28 14:56:06,622 shutil.rmtree worked.
2026-07-28 14:56:06,622 Cancelling tasks.
2026-07-28 14:56:06,622 Exiting Kaleido/Choreo.
2026-07-28 14:56:06,624 Could not set DPI metadata for results/nanoplot/Yield_By_Length.png: No module named 'PIL'
2026-07-28 14:56:06,624 Saved results/nanoplot/Yield_By_Length.png as png (dpi=300)
2026-07-28 14:56:06,624 Created length plots
2026-07-28 14:56:06,626 NanoPlot: Creating Read lengths vs Average read quality plots using 260147 reads.
2026-07-28 14:56:06,715 Chromium init'ed with kwargs {}
2026-07-28 14:56:06,715 Found chromium path: /home/helin/.local/share/choreographer/deps/chrome-linux64/chrome
2026-07-28 14:56:06,715 Temp directory created: /tmp/tmpd6_vhi_4.
2026-07-28 14:56:06,715 Opening browser.
2026-07-28 14:56:06,716 Temp directory created: /tmp/tmp7loc044b.
2026-07-28 14:56:06,716 Temporary directory at: /tmp/tmp7loc044b
2026-07-28 14:56:06,716 TemporaryDirectory.cleanup() worked.
2026-07-28 14:56:06,717 shutil.rmtree worked.
2026-07-28 14:56:06,922 Conforming 1 to file:///tmp/tmpd6_vhi_4/index.html
2026-07-28 14:56:08,148 Getting tab from queue (has 1)
2026-07-28 14:56:08,149 Got DB8C
2026-07-28 14:56:09,203 Reloading tab DB8C before return.
2026-07-28 14:56:09,350 Putting tab DB8C back (queue size: 0).
2026-07-28 14:56:09,350 Waiting for all cleanups to finish.
2026-07-28 14:56:09,350 Exiting Kaleido.
2026-07-28 14:56:09,351 TemporaryDirectory.cleanup() worked.
2026-07-28 14:56:09,351 shutil.rmtree worked.
2026-07-28 14:56:09,351 Closing browser.
2026-07-28 14:56:09,354 TemporaryDirectory.cleanup() worked.
2026-07-28 14:56:09,354 shutil.rmtree worked.
2026-07-28 14:56:09,354 Closing browser.
2026-07-28 14:56:09,354 Cancelling tasks.
2026-07-28 14:56:09,354 Exiting Kaleido/Choreo.
2026-07-28 14:56:09,471 TemporaryDirectory.cleanup() worked.
2026-07-28 14:56:09,471 shutil.rmtree worked.
2026-07-28 14:56:09,471 Cancelling tasks.
2026-07-28 14:56:09,471 Exiting Kaleido/Choreo.
2026-07-28 14:56:09,472 Could not set DPI metadata for results/nanoplot/LengthvsQualityScatterPlot_dot.png: No module named 'PIL'
2026-07-28 14:56:09,472 Saved results/nanoplot/LengthvsQualityScatterPlot_dot.png as png (dpi=300)
2026-07-28 14:56:09,511 Chromium init'ed with kwargs {}
2026-07-28 14:56:09,511 Found chromium path: /home/helin/.local/share/choreographer/deps/chrome-linux64/chrome
2026-07-28 14:56:09,511 Temp directory created: /tmp/tmpeecqk906.
2026-07-28 14:56:09,512 Opening browser.
2026-07-28 14:56:09,512 Temp directory created: /tmp/tmp2b1xpzsy.
2026-07-28 14:56:09,512 Temporary directory at: /tmp/tmp2b1xpzsy
2026-07-28 14:56:09,699 Conforming 1 to file:///tmp/tmpeecqk906/index.html
2026-07-28 14:56:10,581 Getting tab from queue (has 1)
2026-07-28 14:56:10,581 Got 10AC
2026-07-28 14:56:11,150 Reloading tab 10AC before return.
2026-07-28 14:56:11,261 Putting tab 10AC back (queue size: 0).
2026-07-28 14:56:11,261 Waiting for all cleanups to finish.
2026-07-28 14:56:11,261 Exiting Kaleido.
2026-07-28 14:56:11,261 TemporaryDirectory.cleanup() worked.
2026-07-28 14:56:11,261 shutil.rmtree worked.
2026-07-28 14:56:11,261 Closing browser.
2026-07-28 14:56:11,264 TemporaryDirectory.cleanup() worked.
2026-07-28 14:56:11,264 shutil.rmtree worked.
2026-07-28 14:56:11,264 Closing browser.
2026-07-28 14:56:11,264 Cancelling tasks.
2026-07-28 14:56:11,264 Exiting Kaleido/Choreo.
2026-07-28 14:56:11,331 TemporaryDirectory.cleanup() worked.
2026-07-28 14:56:11,331 shutil.rmtree worked.
2026-07-28 14:56:11,331 Cancelling tasks.
2026-07-28 14:56:11,331 Exiting Kaleido/Choreo.
2026-07-28 14:56:11,333 Could not set DPI metadata for results/nanoplot/LengthvsQualityScatterPlot_kde.png: No module named 'PIL'
2026-07-28 14:56:11,333 Saved results/nanoplot/LengthvsQualityScatterPlot_kde.png as png (dpi=300)
2026-07-28 14:56:11,333 Created LengthvsQual plot
2026-07-28 14:56:11,333 Writing html report.
2026-07-28 14:56:11,341 Finished!
2026-07-28 14:56:11,381 TemporaryDirectory.cleanup() worked.
2026-07-28 14:56:11,381 shutil.rmtree worked.
2026-07-28 14:56:11,381 TemporaryDirectory.cleanup() worked.
2026-07-28 14:56:11,381 shutil.rmtree worked.
